// Jest Snapshot v1, https://goo.gl/fbAQLP

exports[`reducers/series should change the sort key on SORT_SERIES 1`] = `
Object {
  "isLoading": false,
  "selectedSortOrder": "revenue.asc",
}
`;

exports[`reducers/series should toggle loading state on API_START and API_END 1`] = `
Object {
  "isLoading": true,
  "selectedSortOrder": "popularity.desc",
}
`;
